=== IMPORT ATTENDANCE LOG ===
Timestamp: 2025-11-27T06:23:07.164Z
File: ZJW2241900039_attlog (1).dat
Size: 21279 bytes
MIME Type: application/octet-stream

=== ALL FILE CONTENT ===
Total records found: 341
[
  {
    "zk_id": "0023",
    "log_date": "2025-11-23",
    "time_in": "19:41:17",
    "time_out": "07:23:17"
  },
  {
    "zk_id": "0023",
    "log_date": "2025-11-24",
    "time_in": "17:17:08",
    "time_out": "19:28:44"
  },
  {
    "zk_id": "0023",
    "log_date": "2025-11-25",
    "time_in": "08:16:15",
    "time_out": "17:17:18"
  },
  {
    "zk_id": "0023",
    "log_date": "2025-11-26",
    "time_in": "17:11:53",
    "time_out": "07:43:32"
  },
  {
    "zk_id": "1",
    "log_date": "2025-11-23",
    "time_in": "07:40:42",
    "time_out": null
  },
  {
    "zk_id": "1",
    "log_date": "2025-11-25",
    "time_in": "08:28:09",
    "time_out": null
  },
  {
    "zk_id": "1",
    "log_date": "2025-11-26",
    "time_in": "20:16:43",
    "time_out": "07:50:30"
  },
  {
    "zk_id": "10",
    "log_date": "2025-11-22",
    "time_in": "07:37:13",
    "time_out": null
  },
  {
    "zk_id": "10",
    "log_date": "2025-11-23",
    "time_in": "17:04:02",
    "time_out": "07:27:13"
  },
  {
    "zk_id": "10",
    "log_date": "2025-11-24",
    "time_in": "17:16:34",
    "time_out": "07:49:47"
  },
  {
    "zk_id": "10",
    "log_date": "2025-11-25",
    "time_in": "20:08:51",
    "time_out": "07:32:30"
  },
  {
    "zk_id": "10",
    "log_date": "2025-11-26",
    "time_in": "20:05:00",
    "time_out": null
  },
  {
    "zk_id": "100",
    "log_date": "2025-11-22",
    "time_in": "06:02:36",
    "time_out": "07:21:21"
  },
  {
    "zk_id": "100",
    "log_date": "2025-11-23",
    "time_in": "06:01:52",
    "time_out": "07:21:15"
  },
  {
    "zk_id": "100",
    "log_date": "2025-11-24",
    "time_in": "16:32:42",
    "time_out": "07:17:42"
  },
  {
    "zk_id": "100",
    "log_date": "2025-11-25",
    "time_in": "20:31:33",
    "time_out": "07:30:10"
  },
  {
    "zk_id": "100",
    "log_date": "2025-11-26",
    "time_in": "20:30:58",
    "time_out": "06:59:56"
  },
  {
    "zk_id": "106",
    "log_date": "2025-11-23",
    "time_in": "19:51:39",
    "time_out": null
  },
  {
    "zk_id": "106",
    "log_date": "2025-11-24",
    "time_in": "08:17:03",
    "time_out": "19:48:33"
  },
  {
    "zk_id": "106",
    "log_date": "2025-11-25",
    "time_in": "08:05:58",
    "time_out": null
  },
  {
    "zk_id": "11",
    "log_date": "2025-11-22",
    "time_in": "07:55:58",
    "time_out": null
  },
  {
    "zk_id": "11",
    "log_date": "2025-11-23",
    "time_in": "20:19:26",
    "time_out": "07:49:24"
  },
  {
    "zk_id": "11",
    "log_date": "2025-11-24",
    "time_in": "20:17:09",
    "time_out": null
  },
  {
    "zk_id": "11",
    "log_date": "2025-11-25",
    "time_in": "19:34:53",
    "time_out": null
  },
  {
    "zk_id": "11",
    "log_date": "2025-11-26",
    "time_in": "08:16:37",
    "time_out": "19:29:00"
  },
  {
    "zk_id": "11",
    "log_date": "2025-11-27",
    "time_in": "08:16:14",
    "time_out": null
  },
  {
    "zk_id": "12",
    "log_date": "2025-11-22",
    "time_in": "07:02:48",
    "time_out": null
  },
  {
    "zk_id": "12",
    "log_date": "2025-11-23",
    "time_in": "20:00:10",
    "time_out": "07:16:25"
  },
  {
    "zk_id": "12",
    "log_date": "2025-11-24",
    "time_in": "20:07:11",
    "time_out": null
  },
  {
    "zk_id": "12",
    "log_date": "2025-11-25",
    "time_in": "18:43:43",
    "time_out": null
  },
  {
    "zk_id": "12",
    "log_date": "2025-11-26",
    "time_in": "08:12:03",
    "time_out": "19:15:40"
  },
  {
    "zk_id": "12",
    "log_date": "2025-11-27",
    "time_in": "08:16:23",
    "time_out": null
  },
  {
    "zk_id": "14",
    "log_date": "2025-11-23",
    "time_in": "07:17:39",
    "time_out": null
  },
  {
    "zk_id": "14",
    "log_date": "2025-11-24",
    "time_in": "17:29:58",
    "time_out": "07:38:48"
  },
  {
    "zk_id": "14",
    "log_date": "2025-11-25",
    "time_in": "17:21:53",
    "time_out": "07:52:42"
  },
  {
    "zk_id": "14",
    "log_date": "2025-11-26",
    "time_in": "20:16:56",
    "time_out": "07:37:14"
  },
  {
    "zk_id": "15",
    "log_date": "2025-11-26",
    "time_in": "07:31:19",
    "time_out": null
  },
  {
    "zk_id": "16",
    "log_date": "2025-11-23",
    "time_in": "20:00:34",
    "time_out": null
  },
  {
    "zk_id": "16",
    "log_date": "2025-11-24",
    "time_in": "08:17:08",
    "time_out": null
  },
  {
    "zk_id": "17",
    "log_date": "2025-11-24",
    "time_in": "19:03:13",
    "time_out": null
  },
  {
    "zk_id": "17",
    "log_date": "2025-11-25",
    "time_in": "08:16:12",
    "time_out": null
  },
  {
    "zk_id": "19",
    "log_date": "2025-11-23",
    "time_in": "08:19:44",
    "time_out": null
  },
  {
    "zk_id": "19",
    "log_date": "2025-11-26",
    "time_in": "07:31:28",
    "time_out": null
  },
  {
    "zk_id": "2",
    "log_date": "2025-11-23",
    "time_in": "08:09:26",
    "time_out": "20:16:31"
  },
  {
    "zk_id": "2",
    "log_date": "2025-11-24",
    "time_in": "20:18:59",
    "time_out": null
  },
  {
    "zk_id": "2",
    "log_date": "2025-11-25",
    "time_in": "19:49:05",
    "time_out": null
  },
  {
    "zk_id": "2",
    "log_date": "2025-11-26",
    "time_in": "08:12:20",
    "time_out": "19:38:38"
  },
  {
    "zk_id": "2",
    "log_date": "2025-11-27",
    "time_in": "08:17:35",
    "time_out": null
  },
  {
    "zk_id": "21",
    "log_date": "2025-11-23",
    "time_in": "19:41:39",
    "time_out": null
  },
  {
    "zk_id": "21",
    "log_date": "2025-11-24",
    "time_in": "08:16:46",
    "time_out": "19:34:36"
  },
  {
    "zk_id": "21",
    "log_date": "2025-11-25",
    "time_in": "08:04:00",
    "time_out": null
  },
  {
    "zk_id": "22",
    "log_date": "2025-11-22",
    "time_in": "07:39:56",
    "time_out": null
  },
  {
    "zk_id": "22",
    "log_date": "2025-11-24",
    "time_in": "08:19:55",
    "time_out": "19:39:11"
  },
  {
    "zk_id": "22",
    "log_date": "2025-11-25",
    "time_in": "08:04:22",
    "time_out": null
  },
  {
    "zk_id": "24",
    "log_date": "2025-11-23",
    "time_in": "07:27:08",
    "time_out": null
  },
  {
    "zk_id": "24",
    "log_date": "2025-11-24",
    "time_in": "17:16:03",
    "time_out": "07:36:04"
  },
  {
    "zk_id": "24",
    "log_date": "2025-11-25",
    "time_in": "20:13:56",
    "time_out": "07:41:08"
  },
  {
    "zk_id": "24",
    "log_date": "2025-11-26",
    "time_in": "20:06:57",
    "time_out": null
  },
  {
    "zk_id": "25",
    "log_date": "2025-11-23",
    "time_in": "07:00:47",
    "time_out": null
  },
  {
    "zk_id": "25",
    "log_date": "2025-11-24",
    "time_in": "17:17:11",
    "time_out": null
  },
  {
    "zk_id": "25",
    "log_date": "2025-11-25",
    "time_in": "17:17:23",
    "time_out": "07:09:07"
  },
  {
    "zk_id": "25",
    "log_date": "2025-11-26",
    "time_in": "17:11:50",
    "time_out": "06:53:21"
  },
  {
    "zk_id": "26",
    "log_date": "2025-11-24",
    "time_in": "07:27:38",
    "time_out": null
  },
  {
    "zk_id": "26",
    "log_date": "2025-11-25",
    "time_in": "07:46:54",
    "time_out": null
  },
  {
    "zk_id": "26",
    "log_date": "2025-11-26",
    "time_in": "20:04:57",
    "time_out": null
  },
  {
    "zk_id": "27",
    "log_date": "2025-11-23",
    "time_in": "06:51:15",
    "time_out": null
  },
  {
    "zk_id": "27",
    "log_date": "2025-11-24",
    "time_in": "22:00:25",
    "time_out": null
  },
  {
    "zk_id": "27",
    "log_date": "2025-11-25",
    "time_in": "22:02:55",
    "time_out": "07:01:42"
  },
  {
    "zk_id": "27",
    "log_date": "2025-11-26",
    "time_in": "22:00:42",
    "time_out": "06:57:13"
  },
  {
    "zk_id": "28",
    "log_date": "2025-11-23",
    "time_in": "19:28:10",
    "time_out": null
  },
  {
    "zk_id": "28",
    "log_date": "2025-11-24",
    "time_in": "08:17:00",
    "time_out": "19:34:31"
  },
  {
    "zk_id": "28",
    "log_date": "2025-11-25",
    "time_in": "08:04:14",
    "time_out": null
  },
  {
    "zk_id": "29",
    "log_date": "2025-11-22",
    "time_in": "07:51:03",
    "time_out": null
  },
  {
    "zk_id": "29",
    "log_date": "2025-11-23",
    "time_in": "20:00:18",
    "time_out": "07:42:33"
  },
  {
    "zk_id": "29",
    "log_date": "2025-11-24",
    "time_in": "20:16:28",
    "time_out": null
  },
  {
    "zk_id": "29",
    "log_date": "2025-11-25",
    "time_in": "19:33:25",
    "time_out": null
  },
  {
    "zk_id": "29",
    "log_date": "2025-11-26",
    "time_in": "08:16:15",
    "time_out": "19:42:24"
  },
  {
    "zk_id": "29",
    "log_date": "2025-11-27",
    "time_in": "08:16:40",
    "time_out": null
  },
  {
    "zk_id": "3",
    "log_date": "2025-11-23",
    "time_in": "18:58:55",
    "time_out": null
  },
  {
    "zk_id": "3",
    "log_date": "2025-11-24",
    "time_in": "08:15:47",
    "time_out": "19:03:29"
  },
  {
    "zk_id": "3",
    "log_date": "2025-11-25",
    "time_in": "08:16:06",
    "time_out": null
  },
  {
    "zk_id": "30",
    "log_date": "2025-11-22",
    "time_in": "07:28:32",
    "time_out": null
  },
  {
    "zk_id": "30",
    "log_date": "2025-11-23",
    "time_in": "20:20:11",
    "time_out": "07:30:06"
  },
  {
    "zk_id": "30",
    "log_date": "2025-11-24",
    "time_in": "20:16:40",
    "time_out": null
  },
  {
    "zk_id": "30",
    "log_date": "2025-11-25",
    "time_in": "19:20:49",
    "time_out": null
  },
  {
    "zk_id": "30",
    "log_date": "2025-11-26",
    "time_in": "08:17:54",
    "time_out": "19:25:10"
  },
  {
    "zk_id": "30",
    "log_date": "2025-11-27",
    "time_in": "08:17:59",
    "time_out": null
  },
  {
    "zk_id": "31",
    "log_date": "2025-11-23",
    "time_in": "08:15:41",
    "time_out": null
  },
  {
    "zk_id": "31",
    "log_date": "2025-11-26",
    "time_in": "07:44:49",
    "time_out": null
  },
  {
    "zk_id": "33",
    "log_date": "2025-11-23",
    "time_in": "08:19:28",
    "time_out": null
  },
  {
    "zk_id": "33",
    "log_date": "2025-11-26",
    "time_in": "07:31:16",
    "time_out": null
  },
  {
    "zk_id": "34",
    "log_date": "2025-11-23",
    "time_in": "08:15:46",
    "time_out": null
  },
  {
    "zk_id": "34",
    "log_date": "2025-11-26",
    "time_in": "07:49:59",
    "time_out": null
  },
  {
    "zk_id": "35",
    "log_date": "2025-11-24",
    "time_in": "08:15:48",
    "time_out": null
  },
  {
    "zk_id": "36",
    "log_date": "2025-11-25",
    "time_in": "08:00:32",
    "time_out": "20:14:20"
  },
  {
    "zk_id": "36",
    "log_date": "2025-11-26",
    "time_in": "20:06:39",
    "time_out": null
  },
  {
    "zk_id": "37",
    "log_date": "2025-11-23",
    "time_in": "08:01:15",
    "time_out": "20:20:10"
  },
  {
    "zk_id": "37",
    "log_date": "2025-11-24",
    "time_in": "20:17:35",
    "time_out": null
  },
  {
    "zk_id": "37",
    "log_date": "2025-11-25",
    "time_in": "19:49:00",
    "time_out": null
  },
  {
    "zk_id": "37",
    "log_date": "2025-11-26",
    "time_in": "08:17:45",
    "time_out": "19:25:14"
  },
  {
    "zk_id": "37",
    "log_date": "2025-11-27",
    "time_in": "08:16:52",
    "time_out": null
  },
  {
    "zk_id": "39",
    "log_date": "2025-11-23",
    "time_in": "19:24:47",
    "time_out": null
  },
  {
    "zk_id": "39",
    "log_date": "2025-11-24",
    "time_in": "08:16:42",
    "time_out": "19:34:28"
  },
  {
    "zk_id": "39",
    "log_date": "2025-11-25",
    "time_in": "08:03:51",
    "time_out": null
  },
  {
    "zk_id": "4",
    "log_date": "2025-11-23",
    "time_in": "07:23:13",
    "time_out": null
  },
  {
    "zk_id": "4",
    "log_date": "2025-11-24",
    "time_in": "17:17:03",
    "time_out": "07:23:55"
  },
  {
    "zk_id": "4",
    "log_date": "2025-11-25",
    "time_in": "20:11:28",
    "time_out": "07:04:18"
  },
  {
    "zk_id": "4",
    "log_date": "2025-11-26",
    "time_in": "20:16:39",
    "time_out": null
  },
  {
    "zk_id": "40",
    "log_date": "2025-11-23",
    "time_in": "08:19:49",
    "time_out": null
  },
  {
    "zk_id": "40",
    "log_date": "2025-11-26",
    "time_in": "07:32:49",
    "time_out": null
  },
  {
    "zk_id": "41",
    "log_date": "2025-11-22",
    "time_in": "07:52:07",
    "time_out": null
  },
  {
    "zk_id": "41",
    "log_date": "2025-11-23",
    "time_in": "20:19:34",
    "time_out": "07:45:25"
  },
  {
    "zk_id": "41",
    "log_date": "2025-11-24",
    "time_in": "20:16:32",
    "time_out": null
  },
  {
    "zk_id": "41",
    "log_date": "2025-11-25",
    "time_in": "18:20:07",
    "time_out": null
  },
  {
    "zk_id": "41",
    "log_date": "2025-11-26",
    "time_in": "08:17:40",
    "time_out": "20:08:02"
  },
  {
    "zk_id": "41",
    "log_date": "2025-11-27",
    "time_in": "08:17:39",
    "time_out": null
  },
  {
    "zk_id": "42",
    "log_date": "2025-11-23",
    "time_in": "17:19:45",
    "time_out": "07:53:54"
  },
  {
    "zk_id": "42",
    "log_date": "2025-11-24",
    "time_in": "17:19:52",
    "time_out": null
  },
  {
    "zk_id": "42",
    "log_date": "2025-11-25",
    "time_in": "08:23:48",
    "time_out": "17:18:54"
  },
  {
    "zk_id": "42",
    "log_date": "2025-11-26",
    "time_in": "17:12:00",
    "time_out": "07:51:13"
  },
  {
    "zk_id": "44",
    "log_date": "2025-11-23",
    "time_in": "07:24:19",
    "time_out": null
  },
  {
    "zk_id": "44",
    "log_date": "2025-11-24",
    "time_in": "17:15:53",
    "time_out": "06:54:52"
  },
  {
    "zk_id": "44",
    "log_date": "2025-11-25",
    "time_in": "20:11:18",
    "time_out": "07:21:43"
  },
  {
    "zk_id": "44",
    "log_date": "2025-11-26",
    "time_in": "19:44:18",
    "time_out": "07:07:07"
  },
  {
    "zk_id": "45",
    "log_date": "2025-11-23",
    "time_in": "07:30:57",
    "time_out": null
  },
  {
    "zk_id": "45",
    "log_date": "2025-11-24",
    "time_in": "17:16:00",
    "time_out": "07:52:37"
  },
  {
    "zk_id": "45",
    "log_date": "2025-11-25",
    "time_in": "07:29:13",
    "time_out": null
  },
  {
    "zk_id": "45",
    "log_date": "2025-11-26",
    "time_in": "20:05:05",
    "time_out": null
  },
  {
    "zk_id": "46",
    "log_date": "2025-11-23",
    "time_in": "08:00:57",
    "time_out": null
  },
  {
    "zk_id": "46",
    "log_date": "2025-11-26",
    "time_in": "07:25:23",
    "time_out": null
  },
  {
    "zk_id": "47",
    "log_date": "2025-11-23",
    "time_in": "08:19:33",
    "time_out": null
  },
  {
    "zk_id": "47",
    "log_date": "2025-11-26",
    "time_in": "07:56:06",
    "time_out": null
  },
  {
    "zk_id": "48",
    "log_date": "2025-11-22",
    "time_in": "07:40:04",
    "time_out": null
  },
  {
    "zk_id": "48",
    "log_date": "2025-11-24",
    "time_in": "08:19:51",
    "time_out": "19:39:17"
  },
  {
    "zk_id": "48",
    "log_date": "2025-11-25",
    "time_in": "08:04:11",
    "time_out": null
  },
  {
    "zk_id": "49",
    "log_date": "2025-11-23",
    "time_in": "19:41:23",
    "time_out": null
  },
  {
    "zk_id": "49",
    "log_date": "2025-11-24",
    "time_in": "08:15:42",
    "time_out": "19:28:39"
  },
  {
    "zk_id": "49",
    "log_date": "2025-11-25",
    "time_in": "08:16:08",
    "time_out": null
  },
  {
    "zk_id": "5",
    "log_date": "2025-11-23",
    "time_in": "08:16:02",
    "time_out": null
  },
  {
    "zk_id": "5",
    "log_date": "2025-11-27",
    "time_in": "08:11:43",
    "time_out": null
  },
  {
    "zk_id": "50",
    "log_date": "2025-11-22",
    "time_in": "07:56:13",
    "time_out": null
  },
  {
    "zk_id": "50",
    "log_date": "2025-11-23",
    "time_in": "17:19:49",
    "time_out": null
  },
  {
    "zk_id": "50",
    "log_date": "2025-11-24",
    "time_in": "08:02:20",
    "time_out": "17:16:53"
  },
  {
    "zk_id": "50",
    "log_date": "2025-11-25",
    "time_in": "08:10:49",
    "time_out": "20:11:41"
  },
  {
    "zk_id": "50",
    "log_date": "2025-11-26",
    "time_in": "20:17:29",
    "time_out": null
  },
  {
    "zk_id": "51",
    "log_date": "2025-11-22",
    "time_in": "07:50:12",
    "time_out": null
  },
  {
    "zk_id": "51",
    "log_date": "2025-11-23",
    "time_in": "20:16:25",
    "time_out": "07:52:09"
  },
  {
    "zk_id": "51",
    "log_date": "2025-11-24",
    "time_in": "20:08:22",
    "time_out": null
  },
  {
    "zk_id": "51",
    "log_date": "2025-11-25",
    "time_in": "19:49:15",
    "time_out": null
  },
  {
    "zk_id": "51",
    "log_date": "2025-11-26",
    "time_in": "08:16:31",
    "time_out": "19:30:10"
  },
  {
    "zk_id": "51",
    "log_date": "2025-11-27",
    "time_in": "08:16:30",
    "time_out": null
  },
  {
    "zk_id": "52",
    "log_date": "2025-11-23",
    "time_in": "07:45:27",
    "time_out": null
  },
  {
    "zk_id": "52",
    "log_date": "2025-11-24",
    "time_in": "17:16:07",
    "time_out": null
  },
  {
    "zk_id": "52",
    "log_date": "2025-11-25",
    "time_in": "20:11:32",
    "time_out": "07:46:39"
  },
  {
    "zk_id": "52",
    "log_date": "2025-11-26",
    "time_in": "20:17:11",
    "time_out": null
  },
  {
    "zk_id": "53",
    "log_date": "2025-11-22",
    "time_in": "07:52:11",
    "time_out": null
  },
  {
    "zk_id": "53",
    "log_date": "2025-11-23",
    "time_in": "17:04:25",
    "time_out": "18:49:26"
  },
  {
    "zk_id": "53",
    "log_date": "2025-11-24",
    "time_in": "08:20:02",
    "time_out": "19:39:30"
  },
  {
    "zk_id": "53",
    "log_date": "2025-11-25",
    "time_in": "08:05:50",
    "time_out": null
  },
  {
    "zk_id": "54",
    "log_date": "2025-11-23",
    "time_in": "08:16:58",
    "time_out": "20:16:42"
  },
  {
    "zk_id": "54",
    "log_date": "2025-11-24",
    "time_in": "20:16:43",
    "time_out": null
  },
  {
    "zk_id": "54",
    "log_date": "2025-11-25",
    "time_in": "19:44:45",
    "time_out": null
  },
  {
    "zk_id": "54",
    "log_date": "2025-11-26",
    "time_in": "08:16:41",
    "time_out": "19:39:23"
  },
  {
    "zk_id": "54",
    "log_date": "2025-11-27",
    "time_in": "08:16:21",
    "time_out": null
  },
  {
    "zk_id": "55",
    "log_date": "2025-11-22",
    "time_in": "07:55:10",
    "time_out": null
  },
  {
    "zk_id": "55",
    "log_date": "2025-11-23",
    "time_in": "17:16:35",
    "time_out": null
  },
  {
    "zk_id": "55",
    "log_date": "2025-11-24",
    "time_in": "08:07:10",
    "time_out": "17:16:40"
  },
  {
    "zk_id": "55",
    "log_date": "2025-11-25",
    "time_in": "20:14:03",
    "time_out": "07:52:36"
  },
  {
    "zk_id": "55",
    "log_date": "2025-11-26",
    "time_in": "20:06:54",
    "time_out": null
  },
  {
    "zk_id": "56",
    "log_date": "2025-11-23",
    "time_in": "19:51:30",
    "time_out": null
  },
  {
    "zk_id": "56",
    "log_date": "2025-11-24",
    "time_in": "08:16:53",
    "time_out": "19:40:58"
  },
  {
    "zk_id": "56",
    "log_date": "2025-11-25",
    "time_in": "08:04:25",
    "time_out": null
  },
  {
    "zk_id": "57",
    "log_date": "2025-11-23",
    "time_in": "07:30:53",
    "time_out": null
  },
  {
    "zk_id": "57",
    "log_date": "2025-11-24",
    "time_in": "17:16:13",
    "time_out": "07:52:01"
  },
  {
    "zk_id": "57",
    "log_date": "2025-11-25",
    "time_in": "20:14:00",
    "time_out": null
  },
  {
    "zk_id": "57",
    "log_date": "2025-11-26",
    "time_in": "20:06:52",
    "time_out": null
  },
  {
    "zk_id": "58",
    "log_date": "2025-11-22",
    "time_in": "07:39:49",
    "time_out": null
  },
  {
    "zk_id": "58",
    "log_date": "2025-11-23",
    "time_in": "20:19:30",
    "time_out": "07:35:40"
  },
  {
    "zk_id": "58",
    "log_date": "2025-11-24",
    "time_in": "20:16:26",
    "time_out": null
  },
  {
    "zk_id": "58",
    "log_date": "2025-11-25",
    "time_in": "19:20:43",
    "time_out": null
  },
  {
    "zk_id": "58",
    "log_date": "2025-11-26",
    "time_in": "08:17:37",
    "time_out": "19:25:09"
  },
  {
    "zk_id": "59",
    "log_date": "2025-11-23",
    "time_in": "19:49:25",
    "time_out": null
  },
  {
    "zk_id": "59",
    "log_date": "2025-11-24",
    "time_in": "08:16:57",
    "time_out": "19:48:44"
  },
  {
    "zk_id": "59",
    "log_date": "2025-11-25",
    "time_in": "08:15:37",
    "time_out": null
  },
  {
    "zk_id": "6",
    "log_date": "2025-11-23",
    "time_in": "08:16:06",
    "time_out": null
  },
  {
    "zk_id": "6",
    "log_date": "2025-11-26",
    "time_in": "07:25:18",
    "time_out": null
  },
  {
    "zk_id": "60",
    "log_date": "2025-11-23",
    "time_in": "07:57:04",
    "time_out": null
  },
  {
    "zk_id": "60",
    "log_date": "2025-11-24",
    "time_in": "17:16:38",
    "time_out": null
  },
  {
    "zk_id": "60",
    "log_date": "2025-11-25",
    "time_in": "08:11:02",
    "time_out": "20:11:36"
  },
  {
    "zk_id": "60",
    "log_date": "2025-11-26",
    "time_in": "20:17:17",
    "time_out": null
  },
  {
    "zk_id": "62",
    "log_date": "2025-11-23",
    "time_in": "07:45:33",
    "time_out": null
  },
  {
    "zk_id": "62",
    "log_date": "2025-11-24",
    "time_in": "17:15:48",
    "time_out": "07:57:48"
  },
  {
    "zk_id": "62",
    "log_date": "2025-11-25",
    "time_in": "20:08:58",
    "time_out": "07:51:27"
  },
  {
    "zk_id": "62",
    "log_date": "2025-11-26",
    "time_in": "20:12:17",
    "time_out": null
  },
  {
    "zk_id": "63",
    "log_date": "2025-11-23",
    "time_in": "07:38:21",
    "time_out": null
  },
  {
    "zk_id": "63",
    "log_date": "2025-11-24",
    "time_in": "17:17:15",
    "time_out": "07:46:34"
  },
  {
    "zk_id": "63",
    "log_date": "2025-11-25",
    "time_in": "20:11:21",
    "time_out": "07:38:05"
  },
  {
    "zk_id": "63",
    "log_date": "2025-11-26",
    "time_in": "20:16:48",
    "time_out": null
  },
  {
    "zk_id": "64",
    "log_date": "2025-11-22",
    "time_in": "07:50:06",
    "time_out": null
  },
  {
    "zk_id": "64",
    "log_date": "2025-11-23",
    "time_in": "20:16:27",
    "time_out": "07:52:07"
  },
  {
    "zk_id": "64",
    "log_date": "2025-11-24",
    "time_in": "20:08:26",
    "time_out": null
  },
  {
    "zk_id": "64",
    "log_date": "2025-11-25",
    "time_in": "19:49:10",
    "time_out": null
  },
  {
    "zk_id": "64",
    "log_date": "2025-11-26",
    "time_in": "08:16:29",
    "time_out": "19:30:12"
  },
  {
    "zk_id": "64",
    "log_date": "2025-11-27",
    "time_in": "08:16:26",
    "time_out": null
  },
  {
    "zk_id": "65",
    "log_date": "2025-11-23",
    "time_in": "08:19:39",
    "time_out": null
  },
  {
    "zk_id": "65",
    "log_date": "2025-11-26",
    "time_in": "07:37:52",
    "time_out": null
  },
  {
    "zk_id": "66",
    "log_date": "2025-11-22",
    "time_in": "07:40:13",
    "time_out": null
  },
  {
    "zk_id": "66",
    "log_date": "2025-11-23",
    "time_in": "17:55:23",
    "time_out": "07:45:59"
  },
  {
    "zk_id": "66",
    "log_date": "2025-11-24",
    "time_in": "16:48:02",
    "time_out": null
  },
  {
    "zk_id": "66",
    "log_date": "2025-11-25",
    "time_in": "08:10:35",
    "time_out": "19:08:18"
  },
  {
    "zk_id": "66",
    "log_date": "2025-11-26",
    "time_in": "21:04:07",
    "time_out": null
  },
  {
    "zk_id": "66",
    "log_date": "2025-11-27",
    "time_in": "08:18:45",
    "time_out": null
  },
  {
    "zk_id": "67",
    "log_date": "2025-11-22",
    "time_in": "05:32:28",
    "time_out": null
  },
  {
    "zk_id": "67",
    "log_date": "2025-11-23",
    "time_in": "19:00:44",
    "time_out": "05:54:11"
  },
  {
    "zk_id": "67",
    "log_date": "2025-11-24",
    "time_in": "22:02:41",
    "time_out": null
  },
  {
    "zk_id": "7",
    "log_date": "2025-11-22",
    "time_in": "07:40:01",
    "time_out": null
  },
  {
    "zk_id": "7",
    "log_date": "2025-11-23",
    "time_in": "20:20:00",
    "time_out": "07:35:46"
  },
  {
    "zk_id": "7",
    "log_date": "2025-11-24",
    "time_in": "20:07:14",
    "time_out": null
  },
  {
    "zk_id": "7",
    "log_date": "2025-11-25",
    "time_in": "19:21:03",
    "time_out": null
  },
  {
    "zk_id": "7",
    "log_date": "2025-11-26",
    "time_in": "08:17:49",
    "time_out": "19:25:18"
  },
  {
    "zk_id": "7",
    "log_date": "2025-11-27",
    "time_in": "08:22:12",
    "time_out": null
  },
  {
    "zk_id": "70",
    "log_date": "2025-11-22",
    "time_in": "06:07:12",
    "time_out": null
  },
  {
    "zk_id": "70",
    "log_date": "2025-11-23",
    "time_in": "22:02:25",
    "time_out": "04:02:48"
  },
  {
    "zk_id": "70",
    "log_date": "2025-11-24",
    "time_in": "22:03:24",
    "time_out": "06:00:04"
  },
  {
    "zk_id": "70",
    "log_date": "2025-11-25",
    "time_in": "22:04:20",
    "time_out": "05:59:35"
  },
  {
    "zk_id": "70",
    "log_date": "2025-11-26",
    "time_in": "22:00:05",
    "time_out": "06:00:04"
  },
  {
    "zk_id": "71",
    "log_date": "2025-11-22",
    "time_in": "07:05:44",
    "time_out": null
  },
  {
    "zk_id": "71",
    "log_date": "2025-11-23",
    "time_in": "16:01:10",
    "time_out": null
  },
  {
    "zk_id": "71",
    "log_date": "2025-11-24",
    "time_in": "12:44:50",
    "time_out": "22:01:31"
  },
  {
    "zk_id": "71",
    "log_date": "2025-11-25",
    "time_in": "21:01:10",
    "time_out": "07:05:46"
  },
  {
    "zk_id": "71",
    "log_date": "2025-11-26",
    "time_in": "22:00:26",
    "time_out": "07:34:10"
  },
  {
    "zk_id": "72",
    "log_date": "2025-11-23",
    "time_in": "08:51:05",
    "time_out": "16:06:40"
  },
  {
    "zk_id": "72",
    "log_date": "2025-11-24",
    "time_in": "22:00:31",
    "time_out": "05:48:45"
  },
  {
    "zk_id": "72",
    "log_date": "2025-11-25",
    "time_in": "22:00:11",
    "time_out": "05:53:42"
  },
  {
    "zk_id": "72",
    "log_date": "2025-11-26",
    "time_in": "22:00:21",
    "time_out": "05:45:44"
  },
  {
    "zk_id": "73",
    "log_date": "2025-11-22",
    "time_in": "06:38:07",
    "time_out": null
  },
  {
    "zk_id": "73",
    "log_date": "2025-11-23",
    "time_in": "22:02:45",
    "time_out": "06:00:24"
  },
  {
    "zk_id": "73",
    "log_date": "2025-11-24",
    "time_in": "15:06:38",
    "time_out": "06:06:28"
  },
  {
    "zk_id": "73",
    "log_date": "2025-11-25",
    "time_in": "22:02:30",
    "time_out": "06:32:26"
  },
  {
    "zk_id": "73",
    "log_date": "2025-11-26",
    "time_in": "22:00:38",
    "time_out": "06:53:56"
  },
  {
    "zk_id": "74",
    "log_date": "2025-11-23",
    "time_in": "06:08:51",
    "time_out": null
  },
  {
    "zk_id": "74",
    "log_date": "2025-11-24",
    "time_in": "22:01:21",
    "time_out": "06:22:47"
  },
  {
    "zk_id": "74",
    "log_date": "2025-11-25",
    "time_in": "22:03:20",
    "time_out": "06:07:39"
  },
  {
    "zk_id": "74",
    "log_date": "2025-11-26",
    "time_in": "22:02:55",
    "time_out": "06:08:45"
  },
  {
    "zk_id": "75",
    "log_date": "2025-11-23",
    "time_in": "09:42:06",
    "time_out": "16:01:59"
  },
  {
    "zk_id": "75",
    "log_date": "2025-11-24",
    "time_in": "22:02:39",
    "time_out": "05:43:38"
  },
  {
    "zk_id": "75",
    "log_date": "2025-11-25",
    "time_in": "22:05:26",
    "time_out": "05:46:47"
  },
  {
    "zk_id": "75",
    "log_date": "2025-11-26",
    "time_in": "22:00:51",
    "time_out": "05:49:28"
  },
  {
    "zk_id": "76",
    "log_date": "2025-11-23",
    "time_in": "05:56:48",
    "time_out": null
  },
  {
    "zk_id": "76",
    "log_date": "2025-11-24",
    "time_in": "16:45:27",
    "time_out": "06:10:12"
  },
  {
    "zk_id": "76",
    "log_date": "2025-11-25",
    "time_in": "15:09:46",
    "time_out": "06:05:13"
  },
  {
    "zk_id": "76",
    "log_date": "2025-11-26",
    "time_in": "15:17:22",
    "time_out": "05:37:33"
  },
  {
    "zk_id": "77",
    "log_date": "2025-11-22",
    "time_in": "06:01:44",
    "time_out": null
  },
  {
    "zk_id": "77",
    "log_date": "2025-11-23",
    "time_in": "17:01:23",
    "time_out": null
  },
  {
    "zk_id": "77",
    "log_date": "2025-11-24",
    "time_in": "22:00:21",
    "time_out": "06:04:02"
  },
  {
    "zk_id": "77",
    "log_date": "2025-11-25",
    "time_in": "22:00:18",
    "time_out": "06:03:59"
  },
  {
    "zk_id": "77",
    "log_date": "2025-11-26",
    "time_in": "22:00:16",
    "time_out": "06:03:42"
  },
  {
    "zk_id": "78",
    "log_date": "2025-11-22",
    "time_in": "05:48:41",
    "time_out": null
  },
  {
    "zk_id": "78",
    "log_date": "2025-11-23",
    "time_in": "17:01:05",
    "time_out": "03:40:41"
  },
  {
    "zk_id": "78",
    "log_date": "2025-11-24",
    "time_in": "22:03:34",
    "time_out": "06:01:33"
  },
  {
    "zk_id": "78",
    "log_date": "2025-11-25",
    "time_in": "22:02:42",
    "time_out": "05:39:43"
  },
  {
    "zk_id": "78",
    "log_date": "2025-11-26",
    "time_in": "22:03:00",
    "time_out": "05:41:44"
  },
  {
    "zk_id": "79",
    "log_date": "2025-11-23",
    "time_in": "03:53:13",
    "time_out": null
  },
  {
    "zk_id": "79",
    "log_date": "2025-11-24",
    "time_in": "22:03:31",
    "time_out": "05:45:08"
  },
  {
    "zk_id": "79",
    "log_date": "2025-11-25",
    "time_in": "22:03:25",
    "time_out": "05:43:48"
  },
  {
    "zk_id": "79",
    "log_date": "2025-11-26",
    "time_in": "22:00:59",
    "time_out": "05:54:58"
  },
  {
    "zk_id": "8",
    "log_date": "2025-11-22",
    "time_in": "07:53:25",
    "time_out": null
  },
  {
    "zk_id": "8",
    "log_date": "2025-11-23",
    "time_in": "20:16:08",
    "time_out": "07:53:58"
  },
  {
    "zk_id": "8",
    "log_date": "2025-11-24",
    "time_in": "20:16:35",
    "time_out": null
  },
  {
    "zk_id": "8",
    "log_date": "2025-11-25",
    "time_in": "19:40:18",
    "time_out": null
  },
  {
    "zk_id": "8",
    "log_date": "2025-11-26",
    "time_in": "08:16:10",
    "time_out": "19:42:27"
  },
  {
    "zk_id": "8",
    "log_date": "2025-11-27",
    "time_in": "08:16:28",
    "time_out": null
  },
  {
    "zk_id": "80",
    "log_date": "2025-11-23",
    "time_in": "03:55:48",
    "time_out": null
  },
  {
    "zk_id": "80",
    "log_date": "2025-11-24",
    "time_in": "21:04:23",
    "time_out": "06:01:43"
  },
  {
    "zk_id": "80",
    "log_date": "2025-11-25",
    "time_in": "22:01:47",
    "time_out": "05:54:41"
  },
  {
    "zk_id": "80",
    "log_date": "2025-11-26",
    "time_in": "22:00:13",
    "time_out": "06:02:56"
  },
  {
    "zk_id": "81",
    "log_date": "2025-11-23",
    "time_in": "15:01:27",
    "time_out": "06:04:17"
  },
  {
    "zk_id": "81",
    "log_date": "2025-11-24",
    "time_in": "18:03:19",
    "time_out": "06:22:44"
  },
  {
    "zk_id": "81",
    "log_date": "2025-11-25",
    "time_in": "18:23:31",
    "time_out": "05:55:53"
  },
  {
    "zk_id": "81",
    "log_date": "2025-11-26",
    "time_in": "16:17:18",
    "time_out": "06:00:14"
  },
  {
    "zk_id": "82",
    "log_date": "2025-11-22",
    "time_in": "07:00:43",
    "time_out": null
  },
  {
    "zk_id": "82",
    "log_date": "2025-11-23",
    "time_in": "04:27:18",
    "time_out": null
  },
  {
    "zk_id": "82",
    "log_date": "2025-11-24",
    "time_in": "22:03:09",
    "time_out": null
  },
  {
    "zk_id": "82",
    "log_date": "2025-11-25",
    "time_in": "06:00:17",
    "time_out": null
  },
  {
    "zk_id": "82",
    "log_date": "2025-11-26",
    "time_in": "22:03:21",
    "time_out": "06:08:56"
  },
  {
    "zk_id": "83",
    "log_date": "2025-11-22",
    "time_in": "05:41:24",
    "time_out": null
  },
  {
    "zk_id": "83",
    "log_date": "2025-11-23",
    "time_in": "22:00:36",
    "time_out": "06:11:12"
  },
  {
    "zk_id": "83",
    "log_date": "2025-11-24",
    "time_in": "22:00:08",
    "time_out": null
  },
  {
    "zk_id": "83",
    "log_date": "2025-11-25",
    "time_in": "22:00:30",
    "time_out": "05:55:50"
  },
  {
    "zk_id": "83",
    "log_date": "2025-11-26",
    "time_in": "22:00:12",
    "time_out": "06:01:22"
  },
  {
    "zk_id": "84",
    "log_date": "2025-11-25",
    "time_in": "08:12:20",
    "time_out": "07:21:44"
  },
  {
    "zk_id": "84",
    "log_date": "2025-11-26",
    "time_in": "21:02:24",
    "time_out": "07:05:51"
  },
  {
    "zk_id": "85",
    "log_date": "2025-11-22",
    "time_in": "05:53:41",
    "time_out": null
  },
  {
    "zk_id": "85",
    "log_date": "2025-11-23",
    "time_in": "15:33:27",
    "time_out": "06:00:34"
  },
  {
    "zk_id": "85",
    "log_date": "2025-11-24",
    "time_in": "22:03:47",
    "time_out": "05:47:48"
  },
  {
    "zk_id": "85",
    "log_date": "2025-11-25",
    "time_in": "22:04:22",
    "time_out": "05:59:33"
  },
  {
    "zk_id": "85",
    "log_date": "2025-11-26",
    "time_in": "22:03:10",
    "time_out": "05:58:39"
  },
  {
    "zk_id": "86",
    "log_date": "2025-11-22",
    "time_in": "06:21:29",
    "time_out": null
  },
  {
    "zk_id": "86",
    "log_date": "2025-11-23",
    "time_in": "17:02:48",
    "time_out": "04:25:26"
  },
  {
    "zk_id": "86",
    "log_date": "2025-11-24",
    "time_in": "22:00:05",
    "time_out": "05:44:38"
  },
  {
    "zk_id": "86",
    "log_date": "2025-11-25",
    "time_in": "22:00:03",
    "time_out": "05:53:13"
  },
  {
    "zk_id": "86",
    "log_date": "2025-11-26",
    "time_in": "22:03:42",
    "time_out": "05:43:38"
  },
  {
    "zk_id": "88",
    "log_date": "2025-11-22",
    "time_in": "06:48:44",
    "time_out": "06:55:06"
  },
  {
    "zk_id": "88",
    "log_date": "2025-11-23",
    "time_in": "06:23:38",
    "time_out": "07:36:36"
  },
  {
    "zk_id": "88",
    "log_date": "2025-11-24",
    "time_in": "16:47:49",
    "time_out": null
  },
  {
    "zk_id": "88",
    "log_date": "2025-11-25",
    "time_in": "08:14:06",
    "time_out": null
  },
  {
    "zk_id": "88",
    "log_date": "2025-11-26",
    "time_in": "07:14:30",
    "time_out": null
  },
  {
    "zk_id": "89",
    "log_date": "2025-11-23",
    "time_in": "06:23:07",
    "time_out": null
  },
  {
    "zk_id": "89",
    "log_date": "2025-11-24",
    "time_in": "22:00:35",
    "time_out": "06:15:48"
  },
  {
    "zk_id": "89",
    "log_date": "2025-11-25",
    "time_in": "22:00:47",
    "time_out": "06:32:12"
  },
  {
    "zk_id": "89",
    "log_date": "2025-11-26",
    "time_in": "22:00:07",
    "time_out": "06:22:33"
  },
  {
    "zk_id": "90",
    "log_date": "2025-11-23",
    "time_in": "19:01:03",
    "time_out": "06:03:03"
  },
  {
    "zk_id": "90",
    "log_date": "2025-11-24",
    "time_in": "19:00:51",
    "time_out": null
  },
  {
    "zk_id": "91",
    "log_date": "2025-11-22",
    "time_in": "06:43:43",
    "time_out": null
  },
  {
    "zk_id": "91",
    "log_date": "2025-11-23",
    "time_in": "22:00:07",
    "time_out": "03:57:01"
  },
  {
    "zk_id": "91",
    "log_date": "2025-11-24",
    "time_in": "22:03:51",
    "time_out": "05:46:15"
  },
  {
    "zk_id": "91",
    "log_date": "2025-11-25",
    "time_in": "22:03:18",
    "time_out": "06:00:00"
  },
  {
    "zk_id": "91",
    "log_date": "2025-11-26",
    "time_in": "22:03:32",
    "time_out": "05:56:01"
  },
  {
    "zk_id": "92",
    "log_date": "2025-11-22",
    "time_in": "05:45:10",
    "time_out": null
  },
  {
    "zk_id": "92",
    "log_date": "2025-11-23",
    "time_in": "22:00:43",
    "time_out": "03:54:14"
  },
  {
    "zk_id": "92",
    "log_date": "2025-11-24",
    "time_in": "22:00:13",
    "time_out": "05:42:20"
  },
  {
    "zk_id": "92",
    "log_date": "2025-11-25",
    "time_in": "22:00:23",
    "time_out": "05:35:25"
  },
  {
    "zk_id": "92",
    "log_date": "2025-11-26",
    "time_in": "15:00:21",
    "time_out": "05:14:31"
  },
  {
    "zk_id": "94",
    "log_date": "2025-11-22",
    "time_in": "06:04:09",
    "time_out": "07:31:08"
  },
  {
    "zk_id": "94",
    "log_date": "2025-11-23",
    "time_in": "06:04:33",
    "time_out": "07:26:42"
  },
  {
    "zk_id": "94",
    "log_date": "2025-11-24",
    "time_in": "16:31:36",
    "time_out": null
  },
  {
    "zk_id": "94",
    "log_date": "2025-11-25",
    "time_in": "20:31:50",
    "time_out": "07:28:25"
  },
  {
    "zk_id": "94",
    "log_date": "2025-11-26",
    "time_in": "20:32:16",
    "time_out": "06:56:27"
  },
  {
    "zk_id": "95",
    "log_date": "2025-11-22",
    "time_in": "06:25:10",
    "time_out": null
  },
  {
    "zk_id": "95",
    "log_date": "2025-11-23",
    "time_in": "06:01:54",
    "time_out": "07:26:49"
  },
  {
    "zk_id": "95",
    "log_date": "2025-11-24",
    "time_in": "16:32:36",
    "time_out": null
  },
  {
    "zk_id": "95",
    "log_date": "2025-11-25",
    "time_in": "07:26:33",
    "time_out": null
  },
  {
    "zk_id": "95",
    "log_date": "2025-11-26",
    "time_in": "20:31:05",
    "time_out": "06:53:42"
  },
  {
    "zk_id": "97",
    "log_date": "2025-11-24",
    "time_in": "06:16:52",
    "time_out": null
  },
  {
    "zk_id": "97",
    "log_date": "2025-11-25",
    "time_in": "16:32:33",
    "time_out": "06:19:33"
  },
  {
    "zk_id": "97",
    "log_date": "2025-11-26",
    "time_in": "16:32:27",
    "time_out": "06:20:13"
  },
  {
    "zk_id": "98",
    "log_date": "2025-11-22",
    "time_in": "06:44:18",
    "time_out": null
  },
  {
    "zk_id": "98",
    "log_date": "2025-11-23",
    "time_in": "07:14:27",
    "time_out": null
  },
  {
    "zk_id": "98",
    "log_date": "2025-11-24",
    "time_in": "16:31:59",
    "time_out": "07:23:14"
  },
  {
    "zk_id": "98",
    "log_date": "2025-11-25",
    "time_in": "20:31:38",
    "time_out": "07:17:24"
  },
  {
    "zk_id": "98",
    "log_date": "2025-11-26",
    "time_in": "20:31:02",
    "time_out": null
  }
]

=== IMPORT RESULTS ===
Status: processing
Total processed: 341
Inserted: 0
Skipped: 0
Failed: 0

=== ERRORS ===
No errors

=== END OF LOG ===